[2025-07-22T15:03:14.413+0530][gc,init] CardTable entry size: 512
[2025-07-22T15:03:14.414+0530][gc     ] Using G1
[2025-07-22T15:03:14.435+0530][gc,init] Version: 21.0.7+6-Ubuntu-0ubuntu124.10 (release)
[2025-07-22T15:03:14.435+0530][gc,init] CPUs: 8 total, 8 available
[2025-07-22T15:03:14.436+0530][gc,init] Memory: 15250M
[2025-07-22T15:03:14.436+0530][gc,init] Large Page Support: Disabled
[2025-07-22T15:03:14.436+0530][gc,init] NUMA Support: Disabled
[2025-07-22T15:03:14.436+0530][gc,init] Compressed Oops: Enabled (32-bit)
[2025-07-22T15:03:14.436+0530][gc,init] Heap Region Size: 1M
[2025-07-22T15:03:14.436+0530][gc,init] Heap Min Capacity: 1G
[2025-07-22T15:03:14.436+0530][gc,init] Heap Initial Capacity: 1G
[2025-07-22T15:03:14.436+0530][gc,init] Heap Max Capacity: 1G
[2025-07-22T15:03:14.436+0530][gc,init] Pre-touch: Disabled
[2025-07-22T15:03:14.436+0530][gc,init] Parallel Workers: 8
[2025-07-22T15:03:14.436+0530][gc,init] Concurrent Workers: 2
[2025-07-22T15:03:14.436+0530][gc,init] Concurrent Refinement Workers: 8
[2025-07-22T15:03:14.436+0530][gc,init] Periodic GC: Disabled
[2025-07-22T15:03:14.454+0530][gc,metaspace] CDS archive(s) mapped at: [0x00007ae0a7000000-0x00007ae0a7c97000-0x00007ae0a7c97000), size 13201408, SharedBaseAddress: 0x00007ae0a7000000, ArchiveRelocationMode: 1.
[2025-07-22T15:03:14.454+0530][gc,metaspace] Compressed class space mapped at: 0x00007ae0a8000000-0x00007ae0e8000000, reserved size: 1073741824
[2025-07-22T15:03:14.454+0530][gc,metaspace] Narrow klass base: 0x00007ae0a7000000, Narrow klass shift: 0, Narrow klass range: 0x100000000
[2025-07-22T15:03:15.676+0530][gc,start    ] GC(0) Pause Young (Normal) (G1 Evacuation Pause)
[2025-07-22T15:03:15.677+0530][gc,task     ] GC(0) Using 8 workers of 8 for evacuation
[2025-07-22T15:03:15.682+0530][gc,phases   ] GC(0)   Pre Evacuate Collection Set: 0.3ms
[2025-07-22T15:03:15.682+0530][gc,phases   ] GC(0)   Merge Heap Roots: 0.1ms
[2025-07-22T15:03:15.682+0530][gc,phases   ] GC(0)   Evacuate Collection Set: 4.0ms
[2025-07-22T15:03:15.682+0530][gc,phases   ] GC(0)   Post Evacuate Collection Set: 0.5ms
[2025-07-22T15:03:15.682+0530][gc,phases   ] GC(0)   Other: 1.2ms
[2025-07-22T15:03:15.682+0530][gc,heap     ] GC(0) Eden regions: 51->0(44)
[2025-07-22T15:03:15.682+0530][gc,heap     ] GC(0) Survivor regions: 0->7(7)
[2025-07-22T15:03:15.682+0530][gc,heap     ] GC(0) Old regions: 2->3
[2025-07-22T15:03:15.682+0530][gc,heap     ] GC(0) Humongous regions: 0->0
[2025-07-22T15:03:15.682+0530][gc,metaspace] GC(0) Metaspace: 17474K(17664K)->17474K(17664K) NonClass: 15465K(15552K)->15465K(15552K) Class: 2009K(2112K)->2009K(2112K)
[2025-07-22T15:03:15.682+0530][gc          ] GC(0) Pause Young (Normal) (G1 Evacuation Pause) 52M->8M(1024M) 6.285ms
[2025-07-22T15:03:15.682+0530][gc,cpu      ] GC(0) User=0.02s Sys=0.01s Real=0.01s
[2025-07-22T15:03:15.948+0530][gc,start    ] GC(1) Pause Young (Concurrent Start) (Metadata GC Threshold)
[2025-07-22T15:03:15.948+0530][gc,task     ] GC(1) Using 8 workers of 8 for evacuation
[2025-07-22T15:03:15.957+0530][gc,phases   ] GC(1)   Pre Evacuate Collection Set: 0.5ms
[2025-07-22T15:03:15.957+0530][gc,phases   ] GC(1)   Merge Heap Roots: 0.1ms
[2025-07-22T15:03:15.957+0530][gc,phases   ] GC(1)   Evacuate Collection Set: 7.9ms
[2025-07-22T15:03:15.957+0530][gc,phases   ] GC(1)   Post Evacuate Collection Set: 0.5ms
[2025-07-22T15:03:15.957+0530][gc,phases   ] GC(1)   Other: 0.1ms
[2025-07-22T15:03:15.957+0530][gc,heap     ] GC(1) Eden regions: 15->0(49)
[2025-07-22T15:03:15.957+0530][gc,heap     ] GC(1) Survivor regions: 7->2(7)
[2025-07-22T15:03:15.957+0530][gc,heap     ] GC(1) Old regions: 3->11
[2025-07-22T15:03:15.957+0530][gc,heap     ] GC(1) Humongous regions: 0->0
[2025-07-22T15:03:15.957+0530][gc,metaspace] GC(1) Metaspace: 21269K(21504K)->21269K(21504K) NonClass: 18809K(18944K)->18809K(18944K) Class: 2459K(2560K)->2459K(2560K)
[2025-07-22T15:03:15.957+0530][gc          ] GC(1) Pause Young (Concurrent Start) (Metadata GC Threshold) 23M->10M(1024M) 9.207ms
[2025-07-22T15:03:15.957+0530][gc,cpu      ] GC(1) User=0.04s Sys=0.01s Real=0.01s
[2025-07-22T15:03:15.957+0530][gc          ] GC(2) Concurrent Mark Cycle
[2025-07-22T15:03:15.957+0530][gc,marking  ] GC(2) Concurrent Scan Root Regions
[2025-07-22T15:03:15.961+0530][gc,marking  ] GC(2) Concurrent Scan Root Regions 3.978ms
[2025-07-22T15:03:15.961+0530][gc,marking  ] GC(2) Concurrent Mark
[2025-07-22T15:03:15.961+0530][gc,marking  ] GC(2) Concurrent Mark From Roots
[2025-07-22T15:03:15.961+0530][gc,task     ] GC(2) Using 2 workers of 2 for marking
[2025-07-22T15:03:15.964+0530][gc,marking  ] GC(2) Concurrent Mark From Roots 3.310ms
[2025-07-22T15:03:15.964+0530][gc,marking  ] GC(2) Concurrent Preclean
[2025-07-22T15:03:15.964+0530][gc,marking  ] GC(2) Concurrent Preclean 0.009ms
[2025-07-22T15:03:15.964+0530][gc,start    ] GC(2) Pause Remark
[2025-07-22T15:03:15.967+0530][gc          ] GC(2) Pause Remark 11M->11M(1024M) 2.388ms
[2025-07-22T15:03:15.967+0530][gc,cpu      ] GC(2) User=0.01s Sys=0.00s Real=0.00s
[2025-07-22T15:03:15.967+0530][gc,marking  ] GC(2) Concurrent Mark 5.960ms
[2025-07-22T15:03:15.967+0530][gc,marking  ] GC(2) Concurrent Rebuild Remembered Sets and Scrub Regions
[2025-07-22T15:03:15.970+0530][gc,marking  ] GC(2) Concurrent Rebuild Remembered Sets and Scrub Regions 3.603ms
[2025-07-22T15:03:15.970+0530][gc,start    ] GC(2) Pause Cleanup
[2025-07-22T15:03:15.971+0530][gc          ] GC(2) Pause Cleanup 11M->11M(1024M) 0.192ms
[2025-07-22T15:03:15.971+0530][gc,cpu      ] GC(2) User=0.00s Sys=0.00s Real=0.00s
[2025-07-22T15:03:15.971+0530][gc,marking  ] GC(2) Concurrent Clear Claimed Marks
[2025-07-22T15:03:15.971+0530][gc,marking  ] GC(2) Concurrent Clear Claimed Marks 0.020ms
[2025-07-22T15:03:15.971+0530][gc,marking  ] GC(2) Concurrent Cleanup for Next Mark
[2025-07-22T15:03:15.977+0530][gc,marking  ] GC(2) Concurrent Cleanup for Next Mark 6.193ms
[2025-07-22T15:03:15.977+0530][gc          ] GC(2) Concurrent Mark Cycle 20.193ms
[2025-07-22T15:03:16.843+0530][gc,start    ] GC(3) Pause Young (Prepare Mixed) (G1 Evacuation Pause)
[2025-07-22T15:03:16.843+0530][gc,task     ] GC(3) Using 8 workers of 8 for evacuation
[2025-07-22T15:03:16.853+0530][gc,phases   ] GC(3)   Pre Evacuate Collection Set: 0.4ms
[2025-07-22T15:03:16.853+0530][gc,phases   ] GC(3)   Merge Heap Roots: 0.1ms
[2025-07-22T15:03:16.853+0530][gc,phases   ] GC(3)   Evacuate Collection Set: 8.7ms
[2025-07-22T15:03:16.853+0530][gc,phases   ] GC(3)   Post Evacuate Collection Set: 0.8ms
[2025-07-22T15:03:16.853+0530][gc,phases   ] GC(3)   Other: 0.1ms
[2025-07-22T15:03:16.853+0530][gc,heap     ] GC(3) Eden regions: 49->0(44)
[2025-07-22T15:03:16.853+0530][gc,heap     ] GC(3) Survivor regions: 2->7(7)
[2025-07-22T15:03:16.853+0530][gc,heap     ] GC(3) Old regions: 11->11
[2025-07-22T15:03:16.853+0530][gc,heap     ] GC(3) Humongous regions: 129->129
[2025-07-22T15:03:16.853+0530][gc,metaspace] GC(3) Metaspace: 33009K(33280K)->33009K(33280K) NonClass: 29482K(29632K)->29482K(29632K) Class: 3527K(3648K)->3527K(3648K)
[2025-07-22T15:03:16.853+0530][gc          ] GC(3) Pause Young (Prepare Mixed) (G1 Evacuation Pause) 188M->145M(1024M) 10.303ms
[2025-07-22T15:03:16.853+0530][gc,cpu      ] GC(3) User=0.05s Sys=0.00s Real=0.01s
[2025-07-22T15:03:16.996+0530][gc,start    ] GC(4) Pause Young (Mixed) (Metadata GC Threshold)
[2025-07-22T15:03:16.996+0530][gc,task     ] GC(4) Using 8 workers of 8 for evacuation
[2025-07-22T15:03:17.005+0530][gc,phases   ] GC(4)   Pre Evacuate Collection Set: 0.3ms
[2025-07-22T15:03:17.005+0530][gc,phases   ] GC(4)   Merge Heap Roots: 0.1ms
[2025-07-22T15:03:17.005+0530][gc,phases   ] GC(4)   Evacuate Collection Set: 8.9ms
[2025-07-22T15:03:17.005+0530][gc,phases   ] GC(4)   Post Evacuate Collection Set: 0.4ms
[2025-07-22T15:03:17.005+0530][gc,phases   ] GC(4)   Other: 0.1ms
[2025-07-22T15:03:17.005+0530][gc,heap     ] GC(4) Eden regions: 12->0(50)
[2025-07-22T15:03:17.005+0530][gc,heap     ] GC(4) Survivor regions: 7->1(7)
[2025-07-22T15:03:17.005+0530][gc,heap     ] GC(4) Old regions: 11->16
[2025-07-22T15:03:17.005+0530][gc,heap     ] GC(4) Humongous regions: 129->129
[2025-07-22T15:03:17.005+0530][gc,metaspace] GC(4) Metaspace: 35822K(36096K)->35822K(36096K) NonClass: 31974K(32128K)->31974K(32128K) Class: 3848K(3968K)->3848K(3968K)
[2025-07-22T15:03:17.005+0530][gc          ] GC(4) Pause Young (Mixed) (Metadata GC Threshold) 156M->145M(1024M) 9.902ms
[2025-07-22T15:03:17.005+0530][gc,cpu      ] GC(4) User=0.05s Sys=0.01s Real=0.01s
[2025-07-22T15:03:17.030+0530][gc,start    ] GC(5) Pause Young (Concurrent Start) (Metadata GC Threshold)
[2025-07-22T15:03:17.030+0530][gc,task     ] GC(5) Using 8 workers of 8 for evacuation
[2025-07-22T15:03:17.033+0530][gc,phases   ] GC(5)   Pre Evacuate Collection Set: 0.4ms
[2025-07-22T15:03:17.033+0530][gc,phases   ] GC(5)   Merge Heap Roots: 0.1ms
[2025-07-22T15:03:17.033+0530][gc,phases   ] GC(5)   Evacuate Collection Set: 1.4ms
[2025-07-22T15:03:17.033+0530][gc,phases   ] GC(5)   Post Evacuate Collection Set: 0.3ms
[2025-07-22T15:03:17.033+0530][gc,phases   ] GC(5)   Other: 0.1ms
[2025-07-22T15:03:17.033+0530][gc,heap     ] GC(5) Eden regions: 3->0(50)
[2025-07-22T15:03:17.033+0530][gc,heap     ] GC(5) Survivor regions: 1->1(7)
[2025-07-22T15:03:17.033+0530][gc,heap     ] GC(5) Old regions: 16->16
[2025-07-22T15:03:17.033+0530][gc,heap     ] GC(5) Humongous regions: 129->129
[2025-07-22T15:03:17.033+0530][gc,metaspace] GC(5) Metaspace: 36108K(36416K)->36108K(36416K) NonClass: 32223K(32384K)->32223K(32384K) Class: 3884K(4032K)->3884K(4032K)
[2025-07-22T15:03:17.033+0530][gc          ] GC(5) Pause Young (Concurrent Start) (Metadata GC Threshold) 147M->145M(1024M) 2.463ms
[2025-07-22T15:03:17.033+0530][gc          ] GC(6) Concurrent Mark Cycle
[2025-07-22T15:03:17.033+0530][gc,marking  ] GC(6) Concurrent Scan Root Regions
[2025-07-22T15:03:17.033+0530][gc,cpu      ] GC(5) User=0.01s Sys=0.00s Real=0.00s
[2025-07-22T15:03:17.034+0530][gc,marking  ] GC(6) Concurrent Scan Root Regions 1.523ms
[2025-07-22T15:03:17.034+0530][gc,marking  ] GC(6) Concurrent Mark
[2025-07-22T15:03:17.034+0530][gc,marking  ] GC(6) Concurrent Mark From Roots
[2025-07-22T15:03:17.034+0530][gc,task     ] GC(6) Using 2 workers of 2 for marking
[2025-07-22T15:03:17.058+0530][gc,marking  ] GC(6) Concurrent Mark From Roots 24.087ms
[2025-07-22T15:03:17.058+0530][gc,marking  ] GC(6) Concurrent Preclean
[2025-07-22T15:03:17.059+0530][gc,marking  ] GC(6) Concurrent Preclean 0.061ms
[2025-07-22T15:03:17.059+0530][gc,start    ] GC(6) Pause Remark
[2025-07-22T15:03:17.061+0530][gc          ] GC(6) Pause Remark 147M->147M(1024M) 2.787ms
[2025-07-22T15:03:17.061+0530][gc,cpu      ] GC(6) User=0.01s Sys=0.00s Real=0.01s
[2025-07-22T15:03:17.062+0530][gc,marking  ] GC(6) Concurrent Mark 27.225ms
[2025-07-22T15:03:17.062+0530][gc,marking  ] GC(6) Concurrent Rebuild Remembered Sets and Scrub Regions
[2025-07-22T15:03:17.071+0530][gc,marking  ] GC(6) Concurrent Rebuild Remembered Sets and Scrub Regions 9.003ms
[2025-07-22T15:03:17.071+0530][gc,start    ] GC(6) Pause Cleanup
[2025-07-22T15:03:17.071+0530][gc          ] GC(6) Pause Cleanup 147M->147M(1024M) 0.449ms
[2025-07-22T15:03:17.071+0530][gc,cpu      ] GC(6) User=0.00s Sys=0.00s Real=0.00s
[2025-07-22T15:03:17.071+0530][gc,marking  ] GC(6) Concurrent Clear Claimed Marks
[2025-07-22T15:03:17.071+0530][gc,marking  ] GC(6) Concurrent Clear Claimed Marks 0.053ms
[2025-07-22T15:03:17.071+0530][gc,marking  ] GC(6) Concurrent Cleanup for Next Mark
[2025-07-22T15:03:17.073+0530][gc,marking  ] GC(6) Concurrent Cleanup for Next Mark 1.924ms
[2025-07-22T15:03:17.073+0530][gc          ] GC(6) Concurrent Mark Cycle 40.672ms
[2025-07-22T15:08:49.298+0530][gc,heap,exit] Heap
[2025-07-22T15:08:49.298+0530][gc,heap,exit]  garbage-first heap   total 1048576K, used 171498K [0x00000000c0000000, 0x0000000100000000)
[2025-07-22T15:08:49.298+0530][gc,heap,exit]   region size 1024K, 24 young (24576K), 1 survivors (1024K)
[2025-07-22T15:08:49.298+0530][gc,heap,exit]  Metaspace       used 39179K, committed 39488K, reserved 1114112K
[2025-07-22T15:08:49.298+0530][gc,heap,exit]   class space    used 4358K, committed 4480K, reserved 1048576K
