[2025-07-22T15:09:12.629+0530][gc,init] CardTable entry size: 512
[2025-07-22T15:09:12.629+0530][gc     ] Using G1
[2025-07-22T15:09:12.651+0530][gc,init] Version: 21.0.7+6-Ubuntu-0ubuntu124.10 (release)
[2025-07-22T15:09:12.651+0530][gc,init] CPUs: 8 total, 8 available
[2025-07-22T15:09:12.651+0530][gc,init] Memory: 15250M
[2025-07-22T15:09:12.651+0530][gc,init] Large Page Support: Disabled
[2025-07-22T15:09:12.651+0530][gc,init] NUMA Support: Disabled
[2025-07-22T15:09:12.651+0530][gc,init] Compressed Oops: Enabled (32-bit)
[2025-07-22T15:09:12.651+0530][gc,init] Heap Region Size: 1M
[2025-07-22T15:09:12.651+0530][gc,init] Heap Min Capacity: 1G
[2025-07-22T15:09:12.651+0530][gc,init] Heap Initial Capacity: 1G
[2025-07-22T15:09:12.651+0530][gc,init] Heap Max Capacity: 1G
[2025-07-22T15:09:12.651+0530][gc,init] Pre-touch: Disabled
[2025-07-22T15:09:12.651+0530][gc,init] Parallel Workers: 8
[2025-07-22T15:09:12.651+0530][gc,init] Concurrent Workers: 2
[2025-07-22T15:09:12.651+0530][gc,init] Concurrent Refinement Workers: 8
[2025-07-22T15:09:12.651+0530][gc,init] Periodic GC: Disabled
[2025-07-22T15:09:12.669+0530][gc,metaspace] CDS archive(s) mapped at: [0x00007ac013000000-0x00007ac013c97000-0x00007ac013c97000), size 13201408, SharedBaseAddress: 0x00007ac013000000, ArchiveRelocationMode: 1.
[2025-07-22T15:09:12.669+0530][gc,metaspace] Compressed class space mapped at: 0x00007ac014000000-0x00007ac054000000, reserved size: 1073741824
[2025-07-22T15:09:12.669+0530][gc,metaspace] Narrow klass base: 0x00007ac013000000, Narrow klass shift: 0, Narrow klass range: 0x100000000
[2025-07-22T15:09:14.021+0530][gc,start    ] GC(0) Pause Young (Normal) (G1 Evacuation Pause)
[2025-07-22T15:09:14.023+0530][gc,task     ] GC(0) Using 8 workers of 8 for evacuation
[2025-07-22T15:09:14.028+0530][gc,phases   ] GC(0)   Pre Evacuate Collection Set: 0.3ms
[2025-07-22T15:09:14.028+0530][gc,phases   ] GC(0)   Merge Heap Roots: 0.1ms
[2025-07-22T15:09:14.028+0530][gc,phases   ] GC(0)   Evacuate Collection Set: 4.5ms
[2025-07-22T15:09:14.028+0530][gc,phases   ] GC(0)   Post Evacuate Collection Set: 0.7ms
[2025-07-22T15:09:14.028+0530][gc,phases   ] GC(0)   Other: 1.2ms
[2025-07-22T15:09:14.028+0530][gc,heap     ] GC(0) Eden regions: 51->0(44)
[2025-07-22T15:09:14.028+0530][gc,heap     ] GC(0) Survivor regions: 0->7(7)
[2025-07-22T15:09:14.028+0530][gc,heap     ] GC(0) Old regions: 2->3
[2025-07-22T15:09:14.028+0530][gc,heap     ] GC(0) Humongous regions: 0->0
[2025-07-22T15:09:14.028+0530][gc,metaspace] GC(0) Metaspace: 17449K(17664K)->17449K(17664K) NonClass: 15443K(15552K)->15443K(15552K) Class: 2006K(2112K)->2006K(2112K)
[2025-07-22T15:09:14.028+0530][gc          ] GC(0) Pause Young (Normal) (G1 Evacuation Pause) 52M->8M(1024M) 6.986ms
[2025-07-22T15:09:14.028+0530][gc,cpu      ] GC(0) User=0.03s Sys=0.01s Real=0.00s
[2025-07-22T15:09:14.334+0530][gc,start    ] GC(1) Pause Young (Concurrent Start) (Metadata GC Threshold)
[2025-07-22T15:09:14.334+0530][gc,task     ] GC(1) Using 8 workers of 8 for evacuation
[2025-07-22T15:09:14.343+0530][gc,phases   ] GC(1)   Pre Evacuate Collection Set: 0.5ms
[2025-07-22T15:09:14.343+0530][gc,phases   ] GC(1)   Merge Heap Roots: 0.1ms
[2025-07-22T15:09:14.343+0530][gc,phases   ] GC(1)   Evacuate Collection Set: 7.7ms
[2025-07-22T15:09:14.343+0530][gc,phases   ] GC(1)   Post Evacuate Collection Set: 1.1ms
[2025-07-22T15:09:14.343+0530][gc,phases   ] GC(1)   Other: 0.2ms
[2025-07-22T15:09:14.344+0530][gc,heap     ] GC(1) Eden regions: 15->0(49)
[2025-07-22T15:09:14.344+0530][gc,heap     ] GC(1) Survivor regions: 7->2(7)
[2025-07-22T15:09:14.344+0530][gc,heap     ] GC(1) Old regions: 3->11
[2025-07-22T15:09:14.344+0530][gc,heap     ] GC(1) Humongous regions: 0->0
[2025-07-22T15:09:14.344+0530][gc,metaspace] GC(1) Metaspace: 21297K(21504K)->21297K(21504K) NonClass: 18836K(18944K)->18836K(18944K) Class: 2461K(2560K)->2461K(2560K)
[2025-07-22T15:09:14.344+0530][gc          ] GC(1) Pause Young (Concurrent Start) (Metadata GC Threshold) 23M->10M(1024M) 9.880ms
[2025-07-22T15:09:14.344+0530][gc,cpu      ] GC(1) User=0.04s Sys=0.01s Real=0.01s
[2025-07-22T15:09:14.344+0530][gc          ] GC(2) Concurrent Mark Cycle
[2025-07-22T15:09:14.344+0530][gc,marking  ] GC(2) Concurrent Scan Root Regions
[2025-07-22T15:09:14.348+0530][gc,marking  ] GC(2) Concurrent Scan Root Regions 3.941ms
[2025-07-22T15:09:14.348+0530][gc,marking  ] GC(2) Concurrent Mark
[2025-07-22T15:09:14.348+0530][gc,marking  ] GC(2) Concurrent Mark From Roots
[2025-07-22T15:09:14.348+0530][gc,task     ] GC(2) Using 2 workers of 2 for marking
[2025-07-22T15:09:14.352+0530][gc,marking  ] GC(2) Concurrent Mark From Roots 4.215ms
[2025-07-22T15:09:14.352+0530][gc,marking  ] GC(2) Concurrent Preclean
[2025-07-22T15:09:14.352+0530][gc,marking  ] GC(2) Concurrent Preclean 0.012ms
[2025-07-22T15:09:14.354+0530][gc,start    ] GC(2) Pause Remark
[2025-07-22T15:09:14.358+0530][gc          ] GC(2) Pause Remark 11M->11M(1024M) 3.302ms
[2025-07-22T15:09:14.358+0530][gc,cpu      ] GC(2) User=0.02s Sys=0.00s Real=0.00s
[2025-07-22T15:09:14.358+0530][gc,marking  ] GC(2) Concurrent Mark 9.879ms
[2025-07-22T15:09:14.358+0530][gc,marking  ] GC(2) Concurrent Rebuild Remembered Sets and Scrub Regions
[2025-07-22T15:09:14.361+0530][gc,marking  ] GC(2) Concurrent Rebuild Remembered Sets and Scrub Regions 3.422ms
[2025-07-22T15:09:14.361+0530][gc,start    ] GC(2) Pause Cleanup
[2025-07-22T15:09:14.361+0530][gc          ] GC(2) Pause Cleanup 11M->11M(1024M) 0.266ms
[2025-07-22T15:09:14.361+0530][gc,cpu      ] GC(2) User=0.00s Sys=0.00s Real=0.00s
[2025-07-22T15:09:14.362+0530][gc,marking  ] GC(2) Concurrent Clear Claimed Marks
[2025-07-22T15:09:14.362+0530][gc,marking  ] GC(2) Concurrent Clear Claimed Marks 0.028ms
[2025-07-22T15:09:14.362+0530][gc,marking  ] GC(2) Concurrent Cleanup for Next Mark
[2025-07-22T15:09:14.367+0530][gc,marking  ] GC(2) Concurrent Cleanup for Next Mark 5.496ms
[2025-07-22T15:09:14.367+0530][gc          ] GC(2) Concurrent Mark Cycle 23.470ms
[2025-07-22T15:09:15.240+0530][gc,start    ] GC(3) Pause Young (Prepare Mixed) (G1 Evacuation Pause)
[2025-07-22T15:09:15.240+0530][gc,task     ] GC(3) Using 8 workers of 8 for evacuation
[2025-07-22T15:09:15.247+0530][gc,phases   ] GC(3)   Pre Evacuate Collection Set: 0.2ms
[2025-07-22T15:09:15.247+0530][gc,phases   ] GC(3)   Merge Heap Roots: 0.1ms
[2025-07-22T15:09:15.247+0530][gc,phases   ] GC(3)   Evacuate Collection Set: 5.5ms
[2025-07-22T15:09:15.247+0530][gc,phases   ] GC(3)   Post Evacuate Collection Set: 0.5ms
[2025-07-22T15:09:15.247+0530][gc,phases   ] GC(3)   Other: 0.1ms
[2025-07-22T15:09:15.247+0530][gc,heap     ] GC(3) Eden regions: 49->0(44)
[2025-07-22T15:09:15.247+0530][gc,heap     ] GC(3) Survivor regions: 2->7(7)
[2025-07-22T15:09:15.247+0530][gc,heap     ] GC(3) Old regions: 11->11
[2025-07-22T15:09:15.247+0530][gc,heap     ] GC(3) Humongous regions: 129->129
[2025-07-22T15:09:15.247+0530][gc,metaspace] GC(3) Metaspace: 33054K(33344K)->33054K(33344K) NonClass: 29504K(29696K)->29504K(29696K) Class: 3549K(3648K)->3549K(3648K)
[2025-07-22T15:09:15.247+0530][gc          ] GC(3) Pause Young (Prepare Mixed) (G1 Evacuation Pause) 188M->144M(1024M) 6.544ms
[2025-07-22T15:09:15.247+0530][gc,cpu      ] GC(3) User=0.04s Sys=0.00s Real=0.00s
[2025-07-22T15:09:15.342+0530][gc,start    ] GC(4) Pause Young (Mixed) (Metadata GC Threshold)
[2025-07-22T15:09:15.342+0530][gc,task     ] GC(4) Using 8 workers of 8 for evacuation
[2025-07-22T15:09:15.349+0530][gc,phases   ] GC(4)   Pre Evacuate Collection Set: 0.3ms
[2025-07-22T15:09:15.349+0530][gc,phases   ] GC(4)   Merge Heap Roots: 0.0ms
[2025-07-22T15:09:15.349+0530][gc,phases   ] GC(4)   Evacuate Collection Set: 5.7ms
[2025-07-22T15:09:15.349+0530][gc,phases   ] GC(4)   Post Evacuate Collection Set: 0.5ms
[2025-07-22T15:09:15.349+0530][gc,phases   ] GC(4)   Other: 0.1ms
[2025-07-22T15:09:15.349+0530][gc,heap     ] GC(4) Eden regions: 12->0(49)
[2025-07-22T15:09:15.349+0530][gc,heap     ] GC(4) Survivor regions: 7->2(7)
[2025-07-22T15:09:15.349+0530][gc,heap     ] GC(4) Old regions: 11->16
[2025-07-22T15:09:15.349+0530][gc,heap     ] GC(4) Humongous regions: 129->129
[2025-07-22T15:09:15.349+0530][gc,metaspace] GC(4) Metaspace: 35627K(35968K)->35627K(35968K) NonClass: 31786K(31936K)->31786K(31936K) Class: 3840K(4032K)->3840K(4032K)
[2025-07-22T15:09:15.349+0530][gc          ] GC(4) Pause Young (Mixed) (Metadata GC Threshold) 155M->145M(1024M) 6.830ms
[2025-07-22T15:09:15.349+0530][gc,cpu      ] GC(4) User=0.04s Sys=0.01s Real=0.00s
[2025-07-22T15:09:15.385+0530][gc,start    ] GC(5) Pause Young (Concurrent Start) (Metadata GC Threshold)
[2025-07-22T15:09:15.385+0530][gc,task     ] GC(5) Using 8 workers of 8 for evacuation
[2025-07-22T15:09:15.387+0530][gc,phases   ] GC(5)   Pre Evacuate Collection Set: 0.3ms
[2025-07-22T15:09:15.387+0530][gc,phases   ] GC(5)   Merge Heap Roots: 0.0ms
[2025-07-22T15:09:15.387+0530][gc,phases   ] GC(5)   Evacuate Collection Set: 1.0ms
[2025-07-22T15:09:15.387+0530][gc,phases   ] GC(5)   Post Evacuate Collection Set: 0.2ms
[2025-07-22T15:09:15.387+0530][gc,phases   ] GC(5)   Other: 0.1ms
[2025-07-22T15:09:15.387+0530][gc,heap     ] GC(5) Eden regions: 3->0(50)
[2025-07-22T15:09:15.387+0530][gc,heap     ] GC(5) Survivor regions: 2->1(7)
[2025-07-22T15:09:15.387+0530][gc,heap     ] GC(5) Old regions: 16->16
[2025-07-22T15:09:15.387+0530][gc,heap     ] GC(5) Humongous regions: 129->129
[2025-07-22T15:09:15.387+0530][gc,metaspace] GC(5) Metaspace: 35966K(36288K)->35966K(36288K) NonClass: 32087K(32256K)->32087K(32256K) Class: 3878K(4032K)->3878K(4032K)
[2025-07-22T15:09:15.387+0530][gc          ] GC(5) Pause Young (Concurrent Start) (Metadata GC Threshold) 147M->144M(1024M) 1.807ms
[2025-07-22T15:09:15.387+0530][gc,cpu      ] GC(5) User=0.01s Sys=0.01s Real=0.00s
[2025-07-22T15:09:15.387+0530][gc          ] GC(6) Concurrent Mark Cycle
[2025-07-22T15:09:15.387+0530][gc,marking  ] GC(6) Concurrent Scan Root Regions
[2025-07-22T15:09:15.388+0530][gc,marking  ] GC(6) Concurrent Scan Root Regions 1.195ms
[2025-07-22T15:09:15.388+0530][gc,marking  ] GC(6) Concurrent Mark
[2025-07-22T15:09:15.388+0530][gc,marking  ] GC(6) Concurrent Mark From Roots
[2025-07-22T15:09:15.388+0530][gc,task     ] GC(6) Using 2 workers of 2 for marking
[2025-07-22T15:09:15.409+0530][gc,marking  ] GC(6) Concurrent Mark From Roots 20.899ms
[2025-07-22T15:09:15.409+0530][gc,marking  ] GC(6) Concurrent Preclean
[2025-07-22T15:09:15.409+0530][gc,marking  ] GC(6) Concurrent Preclean 0.091ms
[2025-07-22T15:09:15.409+0530][gc,start    ] GC(6) Pause Remark
[2025-07-22T15:09:15.412+0530][gc          ] GC(6) Pause Remark 145M->145M(1024M) 2.304ms
[2025-07-22T15:09:15.412+0530][gc,cpu      ] GC(6) User=0.01s Sys=0.00s Real=0.01s
[2025-07-22T15:09:15.412+0530][gc,marking  ] GC(6) Concurrent Mark 23.534ms
[2025-07-22T15:09:15.412+0530][gc,marking  ] GC(6) Concurrent Rebuild Remembered Sets and Scrub Regions
[2025-07-22T15:09:15.420+0530][gc,marking  ] GC(6) Concurrent Rebuild Remembered Sets and Scrub Regions 7.998ms
[2025-07-22T15:09:15.420+0530][gc,start    ] GC(6) Pause Cleanup
[2025-07-22T15:09:15.420+0530][gc          ] GC(6) Pause Cleanup 146M->146M(1024M) 0.234ms
[2025-07-22T15:09:15.420+0530][gc,cpu      ] GC(6) User=0.00s Sys=0.00s Real=0.00s
[2025-07-22T15:09:15.420+0530][gc,marking  ] GC(6) Concurrent Clear Claimed Marks
[2025-07-22T15:09:15.420+0530][gc,marking  ] GC(6) Concurrent Clear Claimed Marks 0.049ms
[2025-07-22T15:09:15.420+0530][gc,marking  ] GC(6) Concurrent Cleanup for Next Mark
[2025-07-22T15:09:15.422+0530][gc,marking  ] GC(6) Concurrent Cleanup for Next Mark 1.438ms
[2025-07-22T15:09:15.422+0530][gc          ] GC(6) Concurrent Mark Cycle 34.756ms
[2025-07-22T15:19:20.357+0530][gc,start    ] GC(7) Pause Young (Prepare Mixed) (G1 Evacuation Pause)
[2025-07-22T15:19:20.357+0530][gc,task     ] GC(7) Using 8 workers of 8 for evacuation
[2025-07-22T15:19:20.370+0530][gc,phases   ] GC(7)   Pre Evacuate Collection Set: 0.6ms
[2025-07-22T15:19:20.370+0530][gc,phases   ] GC(7)   Merge Heap Roots: 0.2ms
[2025-07-22T15:19:20.370+0530][gc,phases   ] GC(7)   Evacuate Collection Set: 9.3ms
[2025-07-22T15:19:20.371+0530][gc,phases   ] GC(7)   Post Evacuate Collection Set: 2.8ms
[2025-07-22T15:19:20.371+0530][gc,phases   ] GC(7)   Other: 0.2ms
[2025-07-22T15:19:20.371+0530][gc,heap     ] GC(7) Eden regions: 50->0(46)
[2025-07-22T15:19:20.371+0530][gc,heap     ] GC(7) Survivor regions: 1->5(7)
[2025-07-22T15:19:20.371+0530][gc,heap     ] GC(7) Old regions: 16->16
[2025-07-22T15:19:20.371+0530][gc,heap     ] GC(7) Humongous regions: 129->129
[2025-07-22T15:19:20.371+0530][gc,metaspace] GC(7) Metaspace: 43117K(43840K)->43117K(43840K) NonClass: 38090K(38528K)->38090K(38528K) Class: 5026K(5312K)->5026K(5312K)
[2025-07-22T15:19:20.371+0530][gc          ] GC(7) Pause Young (Prepare Mixed) (G1 Evacuation Pause) 194M->148M(1024M) 13.593ms
[2025-07-22T15:19:20.371+0530][gc,cpu      ] GC(7) User=0.08s Sys=0.00s Real=0.02s
[2025-07-22T15:47:39.398+0530][gc,start    ] GC(8) Pause Young (Mixed) (G1 Evacuation Pause)
[2025-07-22T15:47:39.398+0530][gc,task     ] GC(8) Using 8 workers of 8 for evacuation
[2025-07-22T15:47:39.410+0530][gc,phases   ] GC(8)   Pre Evacuate Collection Set: 0.5ms
[2025-07-22T15:47:39.410+0530][gc,phases   ] GC(8)   Merge Heap Roots: 0.2ms
[2025-07-22T15:47:39.410+0530][gc,phases   ] GC(8)   Evacuate Collection Set: 10.2ms
[2025-07-22T15:47:39.410+0530][gc,phases   ] GC(8)   Post Evacuate Collection Set: 1.4ms
[2025-07-22T15:47:39.410+0530][gc,phases   ] GC(8)   Other: 0.1ms
[2025-07-22T15:47:39.410+0530][gc,heap     ] GC(8) Eden regions: 46->0(46)
[2025-07-22T15:47:39.410+0530][gc,heap     ] GC(8) Survivor regions: 5->5(7)
[2025-07-22T15:47:39.410+0530][gc,heap     ] GC(8) Old regions: 16->16
[2025-07-22T15:47:39.410+0530][gc,heap     ] GC(8) Humongous regions: 129->129
[2025-07-22T15:47:39.411+0530][gc,metaspace] GC(8) Metaspace: 44104K(44800K)->44104K(44800K) NonClass: 39058K(39424K)->39058K(39424K) Class: 5046K(5376K)->5046K(5376K)
[2025-07-22T15:47:39.411+0530][gc          ] GC(8) Pause Young (Mixed) (G1 Evacuation Pause) 194M->148M(1024M) 12.861ms
[2025-07-22T15:47:39.411+0530][gc,cpu      ] GC(8) User=0.07s Sys=0.00s Real=0.02s
[2025-07-22T15:55:39.538+0530][gc,heap,exit] Heap
[2025-07-22T15:55:39.538+0530][gc,heap,exit]  garbage-first heap   total 1048576K, used 176096K [0x00000000c0000000, 0x0000000100000000)
[2025-07-22T15:55:39.538+0530][gc,heap,exit]   region size 1024K, 28 young (28672K), 5 survivors (5120K)
[2025-07-22T15:55:39.538+0530][gc,heap,exit]  Metaspace       used 45178K, committed 45888K, reserved 1114112K
[2025-07-22T15:55:39.538+0530][gc,heap,exit]   class space    used 5233K, committed 5568K, reserved 1048576K
