[2025-07-22T14:58:33.902+0530][gc,init] CardTable entry size: 512
[2025-07-22T14:58:33.903+0530][gc     ] Using G1
[2025-07-22T14:58:33.916+0530][gc,init] Version: 21.0.7+6-Ubuntu-0ubuntu124.10 (release)
[2025-07-22T14:58:33.916+0530][gc,init] CPUs: 8 total, 8 available
[2025-07-22T14:58:33.916+0530][gc,init] Memory: 15250M
[2025-07-22T14:58:33.916+0530][gc,init] Large Page Support: Disabled
[2025-07-22T14:58:33.916+0530][gc,init] NUMA Support: Disabled
[2025-07-22T14:58:33.916+0530][gc,init] Compressed Oops: Enabled (32-bit)
[2025-07-22T14:58:33.916+0530][gc,init] Heap Region Size: 1M
[2025-07-22T14:58:33.916+0530][gc,init] Heap Min Capacity: 512M
[2025-07-22T14:58:33.916+0530][gc,init] Heap Initial Capacity: 512M
[2025-07-22T14:58:33.916+0530][gc,init] Heap Max Capacity: 512M
[2025-07-22T14:58:33.916+0530][gc,init] Pre-touch: Disabled
[2025-07-22T14:58:33.916+0530][gc,init] Parallel Workers: 8
[2025-07-22T14:58:33.916+0530][gc,init] Concurrent Workers: 2
[2025-07-22T14:58:33.916+0530][gc,init] Concurrent Refinement Workers: 8
[2025-07-22T14:58:33.916+0530][gc,init] Periodic GC: Disabled
[2025-07-22T14:58:33.938+0530][gc,metaspace] CDS archive(s) mapped at: [0x0000709c37000000-0x0000709c37c97000-0x0000709c37c97000), size 13201408, SharedBaseAddress: 0x0000709c37000000, ArchiveRelocationMode: 1.
[2025-07-22T14:58:33.938+0530][gc,metaspace] Compressed class space mapped at: 0x0000709c38000000-0x0000709c78000000, reserved size: 1073741824
[2025-07-22T14:58:33.938+0530][gc,metaspace] Narrow klass base: 0x0000709c37000000, Narrow klass shift: 0, Narrow klass range: 0x100000000
[2025-07-22T14:58:34.566+0530][gc,start    ] GC(0) Pause Young (Normal) (G1 Evacuation Pause)
[2025-07-22T14:58:34.567+0530][gc,task     ] GC(0) Using 8 workers of 8 for evacuation
[2025-07-22T14:58:34.572+0530][gc,phases   ] GC(0)   Pre Evacuate Collection Set: 0.2ms
[2025-07-22T14:58:34.572+0530][gc,phases   ] GC(0)   Merge Heap Roots: 0.1ms
[2025-07-22T14:58:34.572+0530][gc,phases   ] GC(0)   Evacuate Collection Set: 4.3ms
[2025-07-22T14:58:34.572+0530][gc,phases   ] GC(0)   Post Evacuate Collection Set: 0.4ms
[2025-07-22T14:58:34.572+0530][gc,phases   ] GC(0)   Other: 1.1ms
[2025-07-22T14:58:34.572+0530][gc,heap     ] GC(0) Eden regions: 25->0(21)
[2025-07-22T14:58:34.572+0530][gc,heap     ] GC(0) Survivor regions: 0->4(4)
[2025-07-22T14:58:34.572+0530][gc,heap     ] GC(0) Old regions: 2->6
[2025-07-22T14:58:34.572+0530][gc,heap     ] GC(0) Humongous regions: 0->0
[2025-07-22T14:58:34.572+0530][gc,metaspace] GC(0) Metaspace: 7898K(8064K)->7898K(8064K) NonClass: 7083K(7168K)->7083K(7168K) Class: 815K(896K)->815K(896K)
[2025-07-22T14:58:34.572+0530][gc          ] GC(0) Pause Young (Normal) (G1 Evacuation Pause) 26M->8M(512M) 6.496ms
[2025-07-22T14:58:34.572+0530][gc,cpu      ] GC(0) User=0.02s Sys=0.01s Real=0.01s
[2025-07-22T15:03:52.565+0530][gc,heap,exit] Heap
[2025-07-22T15:03:52.565+0530][gc,heap,exit]  garbage-first heap   total 524288K, used 16068K [0x00000000e0000000, 0x0000000100000000)
[2025-07-22T15:03:52.565+0530][gc,heap,exit]   region size 1024K, 11 young (11264K), 4 survivors (4096K)
[2025-07-22T15:03:52.565+0530][gc,heap,exit]  Metaspace       used 9142K, committed 9344K, reserved 1114112K
[2025-07-22T15:03:52.565+0530][gc,heap,exit]   class space    used 952K, committed 1088K, reserved 1048576K
